// Jest Snapshot v1, https://goo.gl/fbAQLP

exports[`Can format a list 1`] = `
"These are the items in the Star wars name:
 - Qui-Gon Jinn
 - Chewbacca
 - Han Solo
 - Luke Skywalker"
`;
